// Jest Snapshot v1, https://goo.gl/fbAQLP

exports[`<Footer/> should render Footer component 1`] = `
<footer
  className="container row navbar navbar-dark bg-dark py-1 footer"
>
  <span
    className="navbar-brand"
  >
    Movies DB, 2018
  </span>
</footer>
`;
