// Jest Snapshot v1, https://goo.gl/fbAQLP

exports[`<MovieDetailContainer/> should render MovieDetailContainer component 1`] = `
<React.Fragment>
  <React.Fragment>
    <MovieDetail
      movie={
        Movie {
          "budget": 0,
          "genres": Array [
            "genre1",
            "genre2",
          ],
          "id": 1,
          "overview": "This is a wider card with supporting text below as a natural lead-in to additional content.",
          "posterPath": "data:image/svg+xml;charset=UTF-8,%3Csvg%20width%3D%22348%22%20height%3D%22225%22%20xmlns%3D%22http%3A%2F%2Fwww.w3.org%2F2000%2Fsvg%22%20viewBox%3D%220%200%20348%20225%22%20preserveAspectRatio%3D%22none%22%3E%3Cdefs%3E%3Cstyle%20type%3D%22text%2Fcss%22%3E%23holder_162cee39977%20text%20%7B%20fill%3A%23eceeef%3Bfont-weight%3Abold%3Bfont-family%3AArial%2C%20Helvetica%2C%20Open%20Sans%2C%20sans-serif%2C%20monospace%3Bfont-size%3A17pt%20%7D%20%3C%2Fstyle%3E%3C%2Fdefs%3E%3Cg%20id%3D%22holder_162cee39977%22%3E%3Crect%20width%3D%22348%22%20height%3D%22225%22%20fill%3D%22%2355595c%22%3E%3C%2Frect%3E%3Cg%3E%3Ctext%20x%3D%22116.7265625%22%20y%3D%22120.3%22%3EThumbnail%3C%2Ftext%3E%3C%2Fg%3E%3C%2Fg%3E%3C%2Fsvg%3E",
          "releaseDate": "2010.01.10",
          "releaseYear": 2010,
          "revenue": 0,
          "runtime": 0,
          "tagline": "tagline",
          "title": "Test title",
          "voteAvg": 1.5,
          "voteCount": 0,
        }
      }
    />
    <NavPanel
      direction="left"
      links={
        Array [
          Object {
            "active": true,
            "param": "genres",
            "title": "Genre: genre1, genre2",
          },
        ]
      }
      navBtn={null}
      primaryBrand={null}
      secondaryBrand="Films by"
    />
    <MoviesList
      movies={Array []}
      openDetailHandler={[Function]}
    />
  </React.Fragment>
</React.Fragment>
`;
